20 23 100
# Ligne 0
ROCHE
ROCHE
ROCHE
ROCHE
TERRAIN_LIBRE
TERRAIN_LIBRE
TERRAIN_LIBRE
TERRAIN_LIBRE
TERRAIN_LIBRE
TERRAIN_LIBRE
TERRAIN_LIBRE
TERRAIN_LIBRE
TERRAIN_LIBRE
TERRAIN_LIBRE
TERRAIN_LIBRE
TERRAIN_LIBRE
TERRAIN_LIBRE
TERRAIN_LIBRE
FORET
FORET
FORET
FORET
FORET
# Ligne 1
ROCHE
ROCHE
ROCHE
TERRAIN_LIBRE
TERRAIN_LIBRE
TERRAIN_LIBRE
TERRAIN_LIBRE
TERRAIN_LIBRE
TERRAIN_LIBRE
TERRAIN_LIBRE
TERRAIN_LIBRE
TERRAIN_LIBRE
EAU
EAU
TERRAIN_LIBRE
TERRAIN_LIBRE
TERRAIN_LIBRE
FORET
FORET
FORET
FORET
FORET
FORET
# Ligne 2
ROCHE
TERRAIN_LIBRE
TERRAIN_LIBRE
TERRAIN_LIBRE
TERRAIN_LIBRE
TERRAIN_LIBRE
TERRAIN_LIBRE
TERRAIN_LIBRE
TERRAIN_LIBRE
TERRAIN_LIBRE
TERRAIN_LIBRE
TERRAIN_LIBRE
EAU
EAU
TERRAIN_LIBRE
TERRAIN_LIBRE
ROCHE
FORET
FORET
FORET
FORET
FORET
FORET
# Ligne 3
TERRAIN_LIBRE
TERRAIN_LIBRE
TERRAIN_LIBRE
TERRAIN_LIBRE
TERRAIN_LIBRE
TERRAIN_LIBRE
HABITAT
TERRAIN_LIBRE
TERRAIN_LIBRE
TERRAIN_LIBRE
TERRAIN_LIBRE
TERRAIN_LIBRE
TERRAIN_LIBRE
HABITAT
TERRAIN_LIBRE
TERRAIN_LIBRE
ROCHE
ROCHE
ROCHE
FORET
FORET
FORET
FORET
# Ligne 4
TERRAIN_LIBRE
TERRAIN_LIBRE
TERRAIN_LIBRE
HABITAT
HABITAT
HABITAT
HABITAT
TERRAIN_LIBRE
TERRAIN_LIBRE
TERRAIN_LIBRE
TERRAIN_LIBRE
TERRAIN_LIBRE
TERRAIN_LIBRE
HABITAT
HABITAT
HABITAT
TERRAIN_LIBRE
TERRAIN_LIBRE
TERRAIN_LIBRE
TERRAIN_LIBRE
TERRAIN_LIBRE
FORET
FORET
# Ligne 5
TERRAIN_LIBRE
TERRAIN_LIBRE
TERRAIN_LIBRE
FORET
FORET
FORET
TERRAIN_LIBRE
TERRAIN_LIBRE
TERRAIN_LIBRE
TERRAIN_LIBRE
TERRAIN_LIBRE
TERRAIN_LIBRE
TERRAIN_LIBRE
TERRAIN_LIBRE
TERRAIN_LIBRE
FORET
FORET
TERRAIN_LIBRE
TERRAIN_LIBRE
TERRAIN_LIBRE
TERRAIN_LIBRE
TERRAIN_LIBRE
TERRAIN_LIBRE
# Ligne 6
TERRAIN_LIBRE
TERRAIN_LIBRE
TERRAIN_LIBRE
HABITAT
HABITAT
HABITAT
HABITAT
HABITAT
TERRAIN_LIBRE
TERRAIN_LIBRE
TERRAIN_LIBRE
TERRAIN_LIBRE
TERRAIN_LIBRE
TERRAIN_LIBRE
HABITAT
HABITAT
HABITAT
TERRAIN_LIBRE
TERRAIN_LIBRE
TERRAIN_LIBRE
TERRAIN_LIBRE
TERRAIN_LIBRE
TERRAIN_LIBRE
# Ligne 7
TERRAIN_LIBRE
TERRAIN_LIBRE
HABITAT
HABITAT
HABITAT
HABITAT
HABITAT
HABITAT
TERRAIN_LIBRE
TERRAIN_LIBRE
EAU
EAU
TERRAIN_LIBRE
TERRAIN_LIBRE
TERRAIN_LIBRE
HABITAT
HABITAT
HABITAT
HABITAT
HABITAT
HABITAT
HABITAT
HABITAT
# Ligne 8
TERRAIN_LIBRE
TERRAIN_LIBRE
HABITAT
HABITAT
HABITAT
HABITAT
TERRAIN_LIBRE
TERRAIN_LIBRE
TERRAIN_LIBRE
TERRAIN_LIBRE
TERRAIN_LIBRE
HABITAT
HABITAT
TERRAIN_LIBRE
TERRAIN_LIBRE
TERRAIN_LIBRE
TERRAIN_LIBRE
HABITAT
HABITAT
TERRAIN_LIBRE
TERRAIN_LIBRE
TERRAIN_LIBRE
TERRAIN_LIBRE
# Ligne 9
TERRAIN_LIBRE
TERRAIN_LIBRE
TERRAIN_LIBRE
TERRAIN_LIBRE
TERRAIN_LIBRE
TERRAIN_LIBRE
TERRAIN_LIBRE
TERRAIN_LIBRE
HABITAT
FORET
FORET
FORET
FORET
FORET
HABITAT
TERRAIN_LIBRE
TERRAIN_LIBRE
TERRAIN_LIBRE
TERRAIN_LIBRE
TERRAIN_LIBRE
TERRAIN_LIBRE
TERRAIN_LIBRE
TERRAIN_LIBRE
# Ligne 10
FORET
FORET
TERRAIN_LIBRE
TERRAIN_LIBRE
TERRAIN_LIBRE
TERRAIN_LIBRE
TERRAIN_LIBRE
TERRAIN_LIBRE
TERRAIN_LIBRE
HABITAT
HABITAT
HABITAT
HABITAT
HABITAT
TERRAIN_LIBRE
TERRAIN_LIBRE
TERRAIN_LIBRE
TERRAIN_LIBRE
TERRAIN_LIBRE
TERRAIN_LIBRE
FORET
FORET
FORET
# Ligne 11
FORET
FORET
FORET
TERRAIN_LIBRE
TERRAIN_LIBRE
TERRAIN_LIBRE
TERRAIN_LIBRE
TERRAIN_LIBRE
TERRAIN_LIBRE
HABITAT
HABITAT
HABITAT
HABITAT
HABITAT
TERRAIN_LIBRE
TERRAIN_LIBRE
TERRAIN_LIBRE
TERRAIN_LIBRE
TERRAIN_LIBRE
FORET
FORET
FORET
FORET
# Ligne 12
FORET
FORET
FORET
HABITAT
TERRAIN_LIBRE
TERRAIN_LIBRE
TERRAIN_LIBRE
TERRAIN_LIBRE
TERRAIN_LIBRE
FORET
FORET
FORET
FORET
FORET
TERRAIN_LIBRE
TERRAIN_LIBRE
TERRAIN_LIBRE
TERRAIN_LIBRE
TERRAIN_LIBRE
TERRAIN_LIBRE
FORET
FORET
FORET
# Ligne 13
FORET
FORET
TERRAIN_LIBRE
TERRAIN_LIBRE
TERRAIN_LIBRE
TERRAIN_LIBRE
TERRAIN_LIBRE
TERRAIN_LIBRE
TERRAIN_LIBRE
TERRAIN_LIBRE
TERRAIN_LIBRE
FORET
TERRAIN_LIBRE
TERRAIN_LIBRE
TERRAIN_LIBRE
TERRAIN_LIBRE
TERRAIN_LIBRE
TERRAIN_LIBRE
TERRAIN_LIBRE
TERRAIN_LIBRE
TERRAIN_LIBRE
TERRAIN_LIBRE
FORET
# Ligne 14
HABITAT
TERRAIN_LIBRE
TERRAIN_LIBRE
TERRAIN_LIBRE
TERRAIN_LIBRE
TERRAIN_LIBRE
ROCHE
ROCHE
ROCHE
ROCHE
ROCHE
ROCHE
FORET
FORET
TERRAIN_LIBRE
TERRAIN_LIBRE
TERRAIN_LIBRE
TERRAIN_LIBRE
TERRAIN_LIBRE
TERRAIN_LIBRE
TERRAIN_LIBRE
TERRAIN_LIBRE
TERRAIN_LIBRE
# Ligne 15
HABITAT
HABITAT
HABITAT
FORET
FORET
FORET
FORET
FORET
FORET
FORET
FORET
FORET
FORET
FORET
FORET
FORET
FORET
FORET
FORET
FORET
FORET
FORET
FORET
# Ligne 16
FORET
FORET
FORET
FORET
FORET
FORET
FORET
FORET
ROCHE
ROCHE
FORET
FORET
FORET
FORET
FORET
FORET
FORET
FORET
FORET
EAU
FORET
FORET
FORET
# Ligne 17
FORET
FORET
FORET
FORET
FORET
FORET
FORET
FORET
FORET
HABITAT
FORET
FORET
FORET
FORET
FORET
FORET
FORET
FORET
EAU
EAU
FORET
FORET
FORET
# Ligne 18
FORET
FORET
FORET
FORET
FORET
FORET
FORET
ROCHE
ROCHE
ROCHE
ROCHE
ROCHE
FORET
FORET
FORET
FORET
FORET
FORET
FORET
FORET
FORET
FORET
FORET
# Ligne 19
FORET
FORET
FORET
FORET
FORET
FORET
FORET
FORET
FORET
FORET
FORET
FORET
FORET
FORET
FORET
FORET
FORET
FORET
FORET
FORET
FORET
FORET
FORET

# Incendies
14
6 3 2000
6 4 3000
6 5 2000
7 4 4000
7 5 2000
7 6 1000
6 6 5000
15 17 1000
16 17 2000
11 10 4000
12 10 5000
15 0 7000
15 1 7000
15 2 7000

# Robots
4
10 10 ROUES
5 0 DRONE
19 2 PATTES
9 21 CHENILLES